[INFO] Scanning for projects...
[INFO] 
[INFO] -----------------------< com.portfolio:backend >------------------------
[INFO] Building Portfolio Backend 0.0.1-SNAPSHOT
[INFO]   from pom.xml
[INFO] --------------------------------[ jar ]---------------------------------
[INFO] 
[INFO] >>> spring-boot:3.3.0:run (default-cli) > test-compile @ backend >>>
[INFO] 
[INFO] --- resources:3.3.1:resources (default-resources) @ backend ---
[INFO] Copying 1 resource from src\main\resources to target\classes
[INFO] Copying 1 resource from src\main\resources to target\classes
[INFO] 
[INFO] --- compiler:3.13.0:compile (default-compile) @ backend ---
[INFO] Nothing to compile - all classes are up to date.
[INFO] 
[INFO] --- resources:3.3.1:testResources (default-testResources) @ backend ---
[INFO] skip non existing resourceDirectory C:\Users\User\My-Portfolio\My-Portfolio-main\portfolio-bfcdcc80-main\backend\src\test\resources
[INFO] 
[INFO] --- compiler:3.13.0:testCompile (default-testCompile) @ backend ---
[INFO] Nothing to compile - all classes are up to date.
[INFO] 
[INFO] <<< spring-boot:3.3.0:run (default-cli) < test-compile @ backend <<<
[INFO] 
[INFO] 
[INFO] --- spring-boot:3.3.0:run (default-cli) @ backend ---
[INFO] Attaching agents: []
  .   ____          _            __ _ _
 /\\ / ___'_ __ _ _(_)_ __  __ _ \ \ \ \
( ( )\___ | '_ | '_| | '_ \/ _` | \ \ \ \
 \\/  ___)| |_)| | | | | || (_| |  ) ) ) )
  '  |____| .__|_| |_|_| |_\__, | / / / /
 =========|_|==============|___/=/_/_/_/

 :: Spring Boot ::                (v3.3.0)

2026-07-28T20:54:32.973+03:00  INFO 20128 --- [portfolio-backend] [           main] com.portfolio.PortfolioApplication       : Starting PortfolioApplication using Java 21.0.11 with PID 20128 (C:\Users\User\My-Portfolio\My-Portfolio-main\portfolio-bfcdcc80-main\backend\target\classes started by User in C:\Users\User\My-Portfolio\My-Portfolio-main\portfolio-bfcdcc80-main\backend)
2026-07-28T20:54:32.976+03:00  INFO 20128 --- [portfolio-backend] [           main] com.portfolio.PortfolioApplication       : No active profile set, falling back to 1 default profile: "default"
2026-07-28T20:54:33.957+03:00  INFO 20128 --- [portfolio-backend] [           main] .s.d.r.c.RepositoryConfigurationDelegate : Bootstrapping Spring Data JPA repositories in DEFAULT mode.
2026-07-28T20:54:34.044+03:00  INFO 20128 --- [portfolio-backend] [           main] .s.d.r.c.RepositoryConfigurationDelegate : Finished Spring Data repository scanning in 75 ms. Found 6 JPA repository interfaces.
2026-07-28T20:54:34.730+03:00  INFO 20128 --- [portfolio-backend] [           main] o.s.b.w.embedded.tomcat.TomcatWebServer  : Tomcat initialized with port 8081 (http)
2026-07-28T20:54:34.750+03:00  INFO 20128 --- [portfolio-backend] [           main] o.apache.catalina.core.StandardService   : Starting service [Tomcat]
2026-07-28T20:54:34.750+03:00  INFO 20128 --- [portfolio-backend] [           main] o.apache.catalina.core.StandardEngine    : Starting Servlet engine: [Apache Tomcat/10.1.24]
2026-07-28T20:54:34.821+03:00  INFO 20128 --- [portfolio-backend] [           main] o.a.c.c.C.[Tomcat].[localhost].[/]       : Initializing Spring embedded WebApplicationContext
2026-07-28T20:54:34.822+03:00  INFO 20128 --- [portfolio-backend] [           main] w.s.c.ServletWebServerApplicationContext : Root WebApplicationContext: initialization completed in 1796 ms
2026-07-28T20:54:35.031+03:00  INFO 20128 --- [portfolio-backend] [           main] o.hibernate.jpa.internal.util.LogHelper  : HHH000204: Processing PersistenceUnitInfo [name: default]
2026-07-28T20:54:35.106+03:00  INFO 20128 --- [portfolio-backend] [           main] org.hibernate.Version                    : HHH000412: Hibernate ORM core version 6.5.2.Final
2026-07-28T20:54:35.150+03:00  INFO 20128 --- [portfolio-backend] [           main] o.h.c.internal.RegionFactoryInitiator    : HHH000026: Second-level cache disabled
2026-07-28T20:54:35.554+03:00  INFO 20128 --- [portfolio-backend] [           main] o.s.o.j.p.SpringPersistenceUnitInfo      : No LoadTimeWeaver setup: ignoring JPA class transformer
2026-07-28T20:54:35.586+03:00  INFO 20128 --- [portfolio-backend] [           main] com.zaxxer.hikari.HikariDataSource       : HikariPool-1 - Starting...
2026-07-28T20:54:35.961+03:00  INFO 20128 --- [portfolio-backend] [           main] com.zaxxer.hikari.pool.HikariPool        : HikariPool-1 - Added connection org.postgresql.jdbc.PgConnection@2bdb5e0f
2026-07-28T20:54:35.964+03:00  INFO 20128 --- [portfolio-backend] [           main] com.zaxxer.hikari.HikariDataSource       : HikariPool-1 - Start completed.
2026-07-28T20:54:36.044+03:00  WARN 20128 --- [portfolio-backend] [           main] org.hibernate.orm.deprecation            : HHH90000025: PostgreSQLDialect does not need to be specified explicitly using 'hibernate.dialect' (remove the property setting and it will be selected by default)
2026-07-28T20:54:37.418+03:00  INFO 20128 --- [portfolio-backend] [           main] o.h.e.t.j.p.i.JtaPlatformInitiator       : HHH000489: No JTA platform available (set 'hibernate.transaction.jta.platform' to enable JTA platform integration)
2026-07-28T20:54:37.761+03:00  INFO 20128 --- [portfolio-backend] [           main] j.LocalContainerEntityManagerFactoryBean : Initialized JPA EntityManagerFactory for persistence unit 'default'
2026-07-28T20:54:38.327+03:00  WARN 20128 --- [portfolio-backend] [           main] JpaBaseConfiguration$JpaWebConfiguration : spring.jpa.open-in-view is enabled by default. Therefore, database queries may be performed during view rendering. Explicitly configure spring.jpa.open-in-view to disable this warning
2026-07-28T20:54:38.365+03:00  WARN 20128 --- [portfolio-backend] [           main] .s.s.UserDetailsServiceAutoConfiguration : 

Using generated security password: 08b76a2f-9728-4135-8a48-313cc362952b

This generated password is for development use only. Your security configuration must be updated before running your application in production.

2026-07-28T20:54:38.374+03:00  INFO 20128 --- [portfolio-backend] [           main] r$InitializeUserDetailsManagerConfigurer : Global AuthenticationManager configured with UserDetailsService bean with name inMemoryUserDetailsManager
2026-07-28T20:54:38.638+03:00  INFO 20128 --- [portfolio-backend] [           main] o.s.s.web.DefaultSecurityFilterChain     : Will secure any request with [org.springframework.security.web.session.DisableEncodeUrlFilter@2eb91767, org.springframework.security.web.context.request.async.WebAsyncManagerIntegrationFilter@520eb9f8, org.springframework.security.web.context.SecurityContextHolderFilter@3615f8d9, org.springframework.security.web.header.HeaderWriterFilter@106ac5f4, org.springframework.web.filter.CorsFilter@3625a016, org.springframework.security.web.authentication.logout.LogoutFilter@795e8ef5, com.portfolio.security.JwtAuthenticationFilter@3138953b, org.springframework.security.web.savedrequest.RequestCacheAwareFilter@1a59500b, org.springframework.security.web.servletapi.SecurityContextHolderAwareRequestFilter@a2ca681, org.springframework.security.web.authentication.AnonymousAuthenticationFilter@3ecc9baa, org.springframework.security.web.session.SessionManagementFilter@60317de8, org.springframework.security.web.access.ExceptionTranslationFilter@42fb2be9, org.springframework.security.web.access.intercept.AuthorizationFilter@294ab038]
2026-07-28T20:54:39.083+03:00  INFO 20128 --- [portfolio-backend] [           main] o.s.b.w.embedded.tomcat.TomcatWebServer  : Tomcat started on port 8081 (http) with context path '/'
2026-07-28T20:54:39.090+03:00  INFO 20128 --- [portfolio-backend] [           main] com.portfolio.PortfolioApplication       : Started PortfolioApplication in 6.614 seconds (process running for 7.029)
2026-07-28T21:11:22.426+03:00  INFO 20128 --- [portfolio-backend] [nio-8081-exec-2] o.a.c.c.C.[Tomcat].[localhost].[/]       : Initializing Spring DispatcherServlet 'dispatcherServlet'
2026-07-28T21:11:22.438+03:00  INFO 20128 --- [portfolio-backend] [nio-8081-exec-2] o.s.web.servlet.DispatcherServlet        : Initializing Servlet 'dispatcherServlet'
2026-07-28T21:11:22.550+03:00  INFO 20128 --- [portfolio-backend] [nio-8081-exec-2] o.s.web.servlet.DispatcherServlet        : Completed initialization in 110 ms
[INFO] ------------------------------------------------------------------------
[INFO] BUILD FAILURE
[INFO] ------------------------------------------------------------------------
[INFO] Total time:  18:25 min
[INFO] Finished at: 2026-07-28T21:12:54+03:00
[INFO] ------------------------------------------------------------------------
[ERROR] Failed to execute goal org.springframework.boot:spring-boot-maven-plugin:3.3.0:run (default-cli) on project backend: Process terminated with exit code: -1 -> [Help 1]
[ERROR] 
[ERROR] To see the full stack trace of the errors, re-run Maven with the -e switch.
[ERROR] Re-run Maven using the -X switch to enable full debug logging.
[ERROR] 
[ERROR] For more information about the errors and possible solutions, please read the following articles:
[ERROR] [Help 1] http://cwiki.apache.org/confluence/display/MAVEN/MojoExecutionException
